<?xml version="1.0" encoding="UTF-8"?>
<testsuites>
  <testsuite name="/app/phpunit-ci.xml" tests="31" assertions="967" errors="0" failures="0" skipped="0" time="5.557435">
    <testsuite name="Unit" tests="15" assertions="80" errors="0" failures="0" skipped="0" time="0.643000">
      <testsuite name="Tests\Unit\Playground\Crm\Models\Client\ModelTest" file="/app/tests/Unit/Models/Client/ModelTest.php" tests="3" assertions="16" errors="0" failures="0" skipped="0" time="0.240182">
        <testcase name="test_model_instance" file="/app/vendor/gammamatrix/playground-test/src/Unit/Models/ModelCase.php" line="113" class="Tests\Unit\Playground\Crm\Models\Client\ModelTest" classname="Tests.Unit.Playground.Crm.Models.Client.ModelTest" assertions="1" time="0.142463"/>
        <testcase name="test_verify_model_relationships" file="/app/vendor/gammamatrix/playground-test/src/Unit/Models/ModelCase.php" line="294" class="Tests\Unit\Playground\Crm\Models\Client\ModelTest" classname="Tests.Unit.Playground.Crm.Models.Client.ModelTest" assertions="12" time="0.057785"/>
        <testcase name="test_model_factory_make" file="/app/vendor/gammamatrix/playground-test/src/Unit/Models/ModelCase.php" line="310" class="Tests\Unit\Playground\Crm\Models\Client\ModelTest" classname="Tests.Unit.Playground.Crm.Models.Client.ModelTest" assertions="3" time="0.039934"/>
      </testsuite>
      <testsuite name="Tests\Unit\Playground\Crm\Models\Contact\ModelTest" file="/app/tests/Unit/Models/Contact/ModelTest.php" tests="3" assertions="16" errors="0" failures="0" skipped="0" time="0.101536">
        <testcase name="test_model_instance" file="/app/vendor/gammamatrix/playground-test/src/Unit/Models/ModelCase.php" line="113" class="Tests\Unit\Playground\Crm\Models\Contact\ModelTest" classname="Tests.Unit.Playground.Crm.Models.Contact.ModelTest" assertions="1" time="0.028047"/>
        <testcase name="test_verify_model_relationships" file="/app/vendor/gammamatrix/playground-test/src/Unit/Models/ModelCase.php" line="294" class="Tests\Unit\Playground\Crm\Models\Contact\ModelTest" classname="Tests.Unit.Playground.Crm.Models.Contact.ModelTest" assertions="12" time="0.042130"/>
        <testcase name="test_model_factory_make" file="/app/vendor/gammamatrix/playground-test/src/Unit/Models/ModelCase.php" line="310" class="Tests\Unit\Playground\Crm\Models\Contact\ModelTest" classname="Tests.Unit.Playground.Crm.Models.Contact.ModelTest" assertions="3" time="0.031359"/>
      </testsuite>
      <testsuite name="Tests\Unit\Playground\Crm\Models\Location\ModelTest" file="/app/tests/Unit/Models/Location/ModelTest.php" tests="3" assertions="16" errors="0" failures="0" skipped="0" time="0.100240">
        <testcase name="test_model_instance" file="/app/vendor/gammamatrix/playground-test/src/Unit/Models/ModelCase.php" line="113" class="Tests\Unit\Playground\Crm\Models\Location\ModelTest" classname="Tests.Unit.Playground.Crm.Models.Location.ModelTest" assertions="1" time="0.027171"/>
        <testcase name="test_verify_model_relationships" file="/app/vendor/gammamatrix/playground-test/src/Unit/Models/ModelCase.php" line="294" class="Tests\Unit\Playground\Crm\Models\Location\ModelTest" classname="Tests.Unit.Playground.Crm.Models.Location.ModelTest" assertions="12" time="0.041532"/>
        <testcase name="test_model_factory_make" file="/app/vendor/gammamatrix/playground-test/src/Unit/Models/ModelCase.php" line="310" class="Tests\Unit\Playground\Crm\Models\Location\ModelTest" classname="Tests.Unit.Playground.Crm.Models.Location.ModelTest" assertions="3" time="0.031538"/>
      </testsuite>
      <testsuite name="Tests\Unit\Playground\Crm\Models\Organization\ModelTest" file="/app/tests/Unit/Models/Organization/ModelTest.php" tests="3" assertions="16" errors="0" failures="0" skipped="0" time="0.100457">
        <testcase name="test_model_instance" file="/app/vendor/gammamatrix/playground-test/src/Unit/Models/ModelCase.php" line="113" class="Tests\Unit\Playground\Crm\Models\Organization\ModelTest" classname="Tests.Unit.Playground.Crm.Models.Organization.ModelTest" assertions="1" time="0.028041"/>
        <testcase name="test_verify_model_relationships" file="/app/vendor/gammamatrix/playground-test/src/Unit/Models/ModelCase.php" line="294" class="Tests\Unit\Playground\Crm\Models\Organization\ModelTest" classname="Tests.Unit.Playground.Crm.Models.Organization.ModelTest" assertions="12" time="0.041598"/>
        <testcase name="test_model_factory_make" file="/app/vendor/gammamatrix/playground-test/src/Unit/Models/ModelCase.php" line="310" class="Tests\Unit\Playground\Crm\Models\Organization\ModelTest" classname="Tests.Unit.Playground.Crm.Models.Organization.ModelTest" assertions="3" time="0.030818"/>
      </testsuite>
      <testsuite name="Tests\Unit\Playground\Crm\Models\People\ModelTest" file="/app/tests/Unit/Models/People/ModelTest.php" tests="3" assertions="16" errors="0" failures="0" skipped="0" time="0.100584">
        <testcase name="test_model_instance" file="/app/vendor/gammamatrix/playground-test/src/Unit/Models/ModelCase.php" line="113" class="Tests\Unit\Playground\Crm\Models\People\ModelTest" classname="Tests.Unit.Playground.Crm.Models.People.ModelTest" assertions="1" time="0.028579"/>
        <testcase name="test_verify_model_relationships" file="/app/vendor/gammamatrix/playground-test/src/Unit/Models/ModelCase.php" line="294" class="Tests\Unit\Playground\Crm\Models\People\ModelTest" classname="Tests.Unit.Playground.Crm.Models.People.ModelTest" assertions="12" time="0.041696"/>
        <testcase name="test_model_factory_make" file="/app/vendor/gammamatrix/playground-test/src/Unit/Models/ModelCase.php" line="310" class="Tests\Unit\Playground\Crm\Models\People\ModelTest" classname="Tests.Unit.Playground.Crm.Models.People.ModelTest" assertions="3" time="0.030309"/>
      </testsuite>
    </testsuite>
    <testsuite name="Feature" tests="16" assertions="887" errors="0" failures="0" skipped="0" time="4.914435">
      <testsuite name="Tests\Feature\Playground\Crm\Console\Commands\About\CommandTest" file="/app/tests/Feature/Console/Commands/About/CommandTest.php" tests="1" assertions="2" errors="0" failures="0" skipped="0" time="0.321001">
        <testcase name="test_command_about_displays_package_information_and_succeed" file="/app/tests/Feature/Console/Commands/About/CommandTest.php" line="37" class="Tests\Feature\Playground\Crm\Console\Commands\About\CommandTest" classname="Tests.Feature.Playground.Crm.Console.Commands.About.CommandTest" assertions="2" time="0.321001"/>
      </testsuite>
      <testsuite name="Tests\Feature\Playground\Crm\Models\Client\ModelTest" file="/app/tests/Feature/Models/Client/ModelTest.php" tests="3" assertions="177" errors="0" failures="0" skipped="0" time="0.938960">
        <testcase name="test_model_instance" file="/app/vendor/gammamatrix/playground-test/src/Feature/Models/ModelCase.php" line="123" class="Tests\Feature\Playground\Crm\Models\Client\ModelTest" classname="Tests.Feature.Playground.Crm.Models.Client.ModelTest" assertions="1" time="0.183878"/>
        <testcase name="test_verify_model_relationships" file="/app/vendor/gammamatrix/playground-test/src/Feature/Models/ModelCase.php" line="202" class="Tests\Feature\Playground\Crm\Models\Client\ModelTest" classname="Tests.Feature.Playground.Crm.Models.Client.ModelTest" assertions="172" time="0.563967"/>
        <testcase name="test_factory_create" file="/app/vendor/gammamatrix/playground-test/src/Feature/Models/ModelCase.php" line="223" class="Tests\Feature\Playground\Crm\Models\Client\ModelTest" classname="Tests.Feature.Playground.Crm.Models.Client.ModelTest" assertions="4" time="0.191115"/>
      </testsuite>
      <testsuite name="Tests\Feature\Playground\Crm\Models\Contact\ModelTest" file="/app/tests/Feature/Models/Contact/ModelTest.php" tests="3" assertions="177" errors="0" failures="0" skipped="0" time="0.914327">
        <testcase name="test_model_instance" file="/app/vendor/gammamatrix/playground-test/src/Feature/Models/ModelCase.php" line="123" class="Tests\Feature\Playground\Crm\Models\Contact\ModelTest" classname="Tests.Feature.Playground.Crm.Models.Contact.ModelTest" assertions="1" time="0.180033"/>
        <testcase name="test_verify_model_relationships" file="/app/vendor/gammamatrix/playground-test/src/Feature/Models/ModelCase.php" line="202" class="Tests\Feature\Playground\Crm\Models\Contact\ModelTest" classname="Tests.Feature.Playground.Crm.Models.Contact.ModelTest" assertions="172" time="0.543360"/>
        <testcase name="test_factory_create" file="/app/vendor/gammamatrix/playground-test/src/Feature/Models/ModelCase.php" line="223" class="Tests\Feature\Playground\Crm\Models\Contact\ModelTest" classname="Tests.Feature.Playground.Crm.Models.Contact.ModelTest" assertions="4" time="0.190935"/>
      </testsuite>
      <testsuite name="Tests\Feature\Playground\Crm\Models\Location\ModelTest" file="/app/tests/Feature/Models/Location/ModelTest.php" tests="3" assertions="177" errors="0" failures="0" skipped="0" time="0.911423">
        <testcase name="test_model_instance" file="/app/vendor/gammamatrix/playground-test/src/Feature/Models/ModelCase.php" line="123" class="Tests\Feature\Playground\Crm\Models\Location\ModelTest" classname="Tests.Feature.Playground.Crm.Models.Location.ModelTest" assertions="1" time="0.181968"/>
        <testcase name="test_verify_model_relationships" file="/app/vendor/gammamatrix/playground-test/src/Feature/Models/ModelCase.php" line="202" class="Tests\Feature\Playground\Crm\Models\Location\ModelTest" classname="Tests.Feature.Playground.Crm.Models.Location.ModelTest" assertions="172" time="0.539514"/>
        <testcase name="test_factory_create" file="/app/vendor/gammamatrix/playground-test/src/Feature/Models/ModelCase.php" line="223" class="Tests\Feature\Playground\Crm\Models\Location\ModelTest" classname="Tests.Feature.Playground.Crm.Models.Location.ModelTest" assertions="4" time="0.189942"/>
      </testsuite>
      <testsuite name="Tests\Feature\Playground\Crm\Models\Organization\ModelTest" file="/app/tests/Feature/Models/Organization/ModelTest.php" tests="3" assertions="177" errors="0" failures="0" skipped="0" time="0.909058">
        <testcase name="test_model_instance" file="/app/vendor/gammamatrix/playground-test/src/Feature/Models/ModelCase.php" line="123" class="Tests\Feature\Playground\Crm\Models\Organization\ModelTest" classname="Tests.Feature.Playground.Crm.Models.Organization.ModelTest" assertions="1" time="0.179725"/>
        <testcase name="test_verify_model_relationships" file="/app/vendor/gammamatrix/playground-test/src/Feature/Models/ModelCase.php" line="202" class="Tests\Feature\Playground\Crm\Models\Organization\ModelTest" classname="Tests.Feature.Playground.Crm.Models.Organization.ModelTest" assertions="172" time="0.538337"/>
        <testcase name="test_factory_create" file="/app/vendor/gammamatrix/playground-test/src/Feature/Models/ModelCase.php" line="223" class="Tests\Feature\Playground\Crm\Models\Organization\ModelTest" classname="Tests.Feature.Playground.Crm.Models.Organization.ModelTest" assertions="4" time="0.190996"/>
      </testsuite>
      <testsuite name="Tests\Feature\Playground\Crm\Models\People\ModelTest" file="/app/tests/Feature/Models/People/ModelTest.php" tests="3" assertions="177" errors="0" failures="0" skipped="0" time="0.919665">
        <testcase name="test_model_instance" file="/app/vendor/gammamatrix/playground-test/src/Feature/Models/ModelCase.php" line="123" class="Tests\Feature\Playground\Crm\Models\People\ModelTest" classname="Tests.Feature.Playground.Crm.Models.People.ModelTest" assertions="1" time="0.183603"/>
        <testcase name="test_verify_model_relationships" file="/app/vendor/gammamatrix/playground-test/src/Feature/Models/ModelCase.php" line="202" class="Tests\Feature\Playground\Crm\Models\People\ModelTest" classname="Tests.Feature.Playground.Crm.Models.People.ModelTest" assertions="172" time="0.546852"/>
        <testcase name="test_factory_create" file="/app/vendor/gammamatrix/playground-test/src/Feature/Models/ModelCase.php" line="223" class="Tests\Feature\Playground\Crm\Models\People\ModelTest" classname="Tests.Feature.Playground.Crm.Models.People.ModelTest" assertions="4" time="0.189211"/>
      </testsuite>
    </testsuite>
  </testsuite>
</testsuites>
